// Jest Snapshot v1, https://goo.gl/fbAQLP

exports[`get examples from directory 1`] = `
[
  "/directory/examples/BasicUsage.tsx",
]
`;

exports[`get examples from extension 1`] = `"/Button.examples.tsx"`;

exports[`get examples from source file 1`] = `
[
  {
    "moduleExport": [Function],
    "name": "BasicUsage",
    "slug": "basic-usage",
  },
  {
    "moduleExport": [Function],
    "name": "AlternateUsage",
    "slug": "alternate-usage",
  },
]
`;
